/Users/axelrad/Documents/projects/trading-tool/venv/lib/python3.9/site-packages/urllib3/__init__.py:35: NotOpenSSLWarning: urllib3 v2 only supports OpenSSL 1.1.1+, currently the 'ssl' module is compiled with 'LibreSSL 2.8.3'. See: https://github.com/urllib3/urllib3/issues/3020
  warnings.warn(
2026-07-24: nothing to report.
/Users/axelrad/Documents/projects/trading-tool/venv/lib/python3.9/site-packages/urllib3/__init__.py:35: NotOpenSSLWarning: urllib3 v2 only supports OpenSSL 1.1.1+, currently the 'ssl' module is compiled with 'LibreSSL 2.8.3'. See: https://github.com/urllib3/urllib3/issues/3020
  warnings.warn(
Daily trailing-stop check — 2026-07-24

1 holding(s) at or below stop loss:
  - NBIS: at or below stop loss (price 173.43, stop 174.08). Exit plan: Hold / reassess. Estimated gain: 1414.57, estimated tax: 373.09. Analyst consensus (2026-07-01): 6 strong buy, 10 buy, 7 hold, 0 sell, 0 strong sell.

/Users/axelrad/Documents/projects/trading-tool/venv/lib/python3.9/site-packages/urllib3/__init__.py:35: NotOpenSSLWarning: urllib3 v2 only supports OpenSSL 1.1.1+, currently the 'ssl' module is compiled with 'LibreSSL 2.8.3'. See: https://github.com/urllib3/urllib3/issues/3020
  warnings.warn(
Daily trailing-stop check — 2026-07-25

2 holding(s) at or below stop loss:
  - INTC: at or below stop loss (price 81.15, stop 82.13). Exit plan: Hold / reassess. Estimated loss: -667.60, estimated tax: 0.00. Analyst consensus (2026-07-01): 5 strong buy, 13 buy, 34 hold, 3 sell, 0 strong sell.
  - NBIS: at or below stop loss (price 165.04, stop 174.08). Exit plan: Hold / reassess. Estimated gain: 1414.57, estimated tax: 373.09. Analyst consensus (2026-07-01): 6 strong buy, 10 buy, 7 hold, 0 sell, 0 strong sell.

/Users/axelrad/Documents/projects/trading-tool/venv/lib/python3.9/site-packages/urllib3/__init__.py:35: NotOpenSSLWarning: urllib3 v2 only supports OpenSSL 1.1.1+, currently the 'ssl' module is compiled with 'LibreSSL 2.8.3'. See: https://github.com/urllib3/urllib3/issues/3020
  warnings.warn(
Daily trailing-stop check — 2026-07-26

2 holding(s) at or below stop loss:
  - INTC: at or below stop loss (price 81.15, stop 82.13). Exit plan: Hold / reassess. Estimated loss: -667.60, estimated tax: 0.00. Analyst consensus (2026-07-01): 5 strong buy, 13 buy, 34 hold, 3 sell, 0 strong sell.
  - NBIS: at or below stop loss (price 165.04, stop 174.08). Exit plan: Hold / reassess. Estimated gain: 1414.57, estimated tax: 373.09. Analyst consensus (2026-07-01): 6 strong buy, 10 buy, 7 hold, 0 sell, 0 strong sell.

/Users/axelrad/Documents/projects/trading-tool/venv/lib/python3.9/site-packages/urllib3/__init__.py:35: NotOpenSSLWarning: urllib3 v2 only supports OpenSSL 1.1.1+, currently the 'ssl' module is compiled with 'LibreSSL 2.8.3'. See: https://github.com/urllib3/urllib3/issues/3020
  warnings.warn(
Traceback (most recent call last):
  File "/Users/axelrad/Documents/projects/trading-tool/venv/lib/python3.9/site-packages/urllib3/connection.py", line 204, in _new_conn
    sock = connection.create_connection(
  File "/Users/axelrad/Documents/projects/trading-tool/venv/lib/python3.9/site-packages/urllib3/util/connection.py", line 60, in create_connection
    for res in socket.getaddrinfo(host, port, family, socket.SOCK_STREAM):
  File "/Library/Developer/CommandLineTools/Library/Frameworks/Python3.framework/Versions/3.9/lib/python3.9/socket.py", line 953, in getaddrinfo
    for res in _socket.getaddrinfo(host, port, family, type, proto, flags):
socket.gaierror: [Errno 8] nodename nor servname provided, or not known

The above exception was the direct cause of the following exception:

Traceback (most recent call last):
  File "/Users/axelrad/Documents/projects/trading-tool/venv/lib/python3.9/site-packages/urllib3/connectionpool.py", line 787, in urlopen
    response = self._make_request(
  File "/Users/axelrad/Documents/projects/trading-tool/venv/lib/python3.9/site-packages/urllib3/connectionpool.py", line 488, in _make_request
    raise new_e
  File "/Users/axelrad/Documents/projects/trading-tool/venv/lib/python3.9/site-packages/urllib3/connectionpool.py", line 464, in _make_request
    self._validate_conn(conn)
  File "/Users/axelrad/Documents/projects/trading-tool/venv/lib/python3.9/site-packages/urllib3/connectionpool.py", line 1093, in _validate_conn
    conn.connect()
  File "/Users/axelrad/Documents/projects/trading-tool/venv/lib/python3.9/site-packages/urllib3/connection.py", line 759, in connect
    self.sock = sock = self._new_conn()
  File "/Users/axelrad/Documents/projects/trading-tool/venv/lib/python3.9/site-packages/urllib3/connection.py", line 211, in _new_conn
    raise NameResolutionError(self.host, self, e) from e
urllib3.exceptions.NameResolutionError: HTTPSConnection(host='api.frankfurter.app', port=443): Failed to resolve 'api.frankfurter.app' ([Errno 8] nodename nor servname provided, or not known)

The above exception was the direct cause of the following exception:

Traceback (most recent call last):
  File "/Users/axelrad/Documents/projects/trading-tool/venv/lib/python3.9/site-packages/requests/adapters.py", line 644, in send
    resp = conn.urlopen(
  File "/Users/axelrad/Documents/projects/trading-tool/venv/lib/python3.9/site-packages/urllib3/connectionpool.py", line 841, in urlopen
    retries = retries.increment(
  File "/Users/axelrad/Documents/projects/trading-tool/venv/lib/python3.9/site-packages/urllib3/util/retry.py", line 535, in increment
    raise MaxRetryError(_pool, url, reason) from reason  # type: ignore[arg-type]
urllib3.exceptions.MaxRetryError: HTTPSConnectionPool(host='api.frankfurter.app', port=443): Max retries exceeded with url: /latest?from=USD&to=EUR (Caused by NameResolutionError("HTTPSConnection(host='api.frankfurter.app', port=443): Failed to resolve 'api.frankfurter.app' ([Errno 8] nodename nor servname provided, or not known)"))

During handling of the above exception, another exception occurred:

Traceback (most recent call last):
  File "/Users/axelrad/Documents/projects/trading-tool/prices.py", line 36, in fetch_usd_to_eur_rate
    res = requests.get(FRANKFURTER_URL, params={"from": "USD", "to": "EUR"}, timeout=10)
  File "/Users/axelrad/Documents/projects/trading-tool/venv/lib/python3.9/site-packages/requests/api.py", line 73, in get
    return request("get", url, params=params, **kwargs)
  File "/Users/axelrad/Documents/projects/trading-tool/venv/lib/python3.9/site-packages/requests/api.py", line 59, in request
    return session.request(method=method, url=url, **kwargs)
  File "/Users/axelrad/Documents/projects/trading-tool/venv/lib/python3.9/site-packages/requests/sessions.py", line 589, in request
    resp = self.send(prep, **send_kwargs)
  File "/Users/axelrad/Documents/projects/trading-tool/venv/lib/python3.9/site-packages/requests/sessions.py", line 703, in send
    r = adapter.send(request, **kwargs)
  File "/Users/axelrad/Documents/projects/trading-tool/venv/lib/python3.9/site-packages/requests/adapters.py", line 677, in send
    raise ConnectionError(e, request=request)
requests.exceptions.ConnectionError: HTTPSConnectionPool(host='api.frankfurter.app', port=443): Max retries exceeded with url: /latest?from=USD&to=EUR (Caused by NameResolutionError("HTTPSConnection(host='api.frankfurter.app', port=443): Failed to resolve 'api.frankfurter.app' ([Errno 8] nodename nor servname provided, or not known)"))

The above exception was the direct cause of the following exception:

Traceback (most recent call last):
  File "/Users/axelrad/Documents/projects/trading-tool/daily_check.py", line 42, in run
    rate = prices.fetch_usd_to_eur_rate()
  File "/Users/axelrad/Documents/projects/trading-tool/prices.py", line 40, in fetch_usd_to_eur_rate
    raise PriceError(f"Could not fetch USD/EUR rate: {e}") from e
prices.PriceError: Could not fetch USD/EUR rate: HTTPSConnectionPool(host='api.frankfurter.app', port=443): Max retries exceeded with url: /latest?from=USD&to=EUR (Caused by NameResolutionError("HTTPSConnection(host='api.frankfurter.app', port=443): Failed to resolve 'api.frankfurter.app' ([Errno 8] nodename nor servname provided, or not known)"))

During handling of the above exception, another exception occurred:

Traceback (most recent call last):
  File "/Users/axelrad/Documents/projects/trading-tool/daily_check.py", line 101, in <module>
    run()
  File "/Users/axelrad/Documents/projects/trading-tool/daily_check.py", line 44, in run
    notifier.send_email(
  File "/Users/axelrad/Documents/projects/trading-tool/notifier.py", line 31, in send_email
    with smtplib.SMTP(SMTP_HOST, SMTP_PORT) as server:
  File "/Library/Developer/CommandLineTools/Library/Frameworks/Python3.framework/Versions/3.9/lib/python3.9/smtplib.py", line 255, in __init__
    (code, msg) = self.connect(host, port)
  File "/Library/Developer/CommandLineTools/Library/Frameworks/Python3.framework/Versions/3.9/lib/python3.9/smtplib.py", line 341, in connect
    self.sock = self._get_socket(host, port, self.timeout)
  File "/Library/Developer/CommandLineTools/Library/Frameworks/Python3.framework/Versions/3.9/lib/python3.9/smtplib.py", line 312, in _get_socket
    return socket.create_connection((host, port), timeout,
  File "/Library/Developer/CommandLineTools/Library/Frameworks/Python3.framework/Versions/3.9/lib/python3.9/socket.py", line 822, in create_connection
    for res in getaddrinfo(host, port, 0, SOCK_STREAM):
  File "/Library/Developer/CommandLineTools/Library/Frameworks/Python3.framework/Versions/3.9/lib/python3.9/socket.py", line 953, in getaddrinfo
    for res in _socket.getaddrinfo(host, port, family, type, proto, flags):
socket.gaierror: [Errno 8] nodename nor servname provided, or not known
/Users/axelrad/Documents/projects/trading-tool/venv/lib/python3.9/site-packages/urllib3/__init__.py:35: NotOpenSSLWarning: urllib3 v2 only supports OpenSSL 1.1.1+, currently the 'ssl' module is compiled with 'LibreSSL 2.8.3'. See: https://github.com/urllib3/urllib3/issues/3020
  warnings.warn(
Daily trailing-stop check — 2026-07-28

5 holding(s) at or below stop loss:
  - NBIS: at or below stop loss (price 145,10, stop 174,08). Exit plan: Hold / reassess. Estimated gain: 1.234,57, estimated tax: 373,09. Analyst consensus (2026-07-01): 6 strong buy, 10 buy, 7 hold, 0 sell, 0 strong sell.
  - SIMO: at or below stop loss (price 196,58, stop 226,80). Exit plan: Hold / reassess. Estimated gain: 264,71, estimated tax: 69,82. Analyst consensus (2026-07-01): 5 strong buy, 11 buy, 2 hold, 0 sell, 0 strong sell.
  - AMD: at or below stop loss (price 397,13, stop 427,41). Exit plan: Hold / reassess. Estimated gain: 517,33, estimated tax: 136,45. Analyst consensus (2026-07-01): 15 strong buy, 33 buy, 9 hold, 0 sell, 0 strong sell.
  - MU: at or below stop loss (price 715,32, stop 768,24). Exit plan: Hold / reassess. Estimated gain: 5.834,91, estimated tax: 1.538,96. Analyst consensus (2026-07-01): 18 strong buy, 33 buy, 4 hold, 1 sell, 0 strong sell.
  - WDC: at or below stop loss (price 386,21, stop 435,56). Exit plan: Hold / reassess. Estimated gain: 16.378,37, estimated tax: 4.319,80. Analyst consensus (2026-07-01): 7 strong buy, 16 buy, 6 hold, 0 sell, 0 strong sell.

/Users/axelrad/Documents/projects/trading-tool/venv/lib/python3.9/site-packages/urllib3/__init__.py:35: NotOpenSSLWarning: urllib3 v2 only supports OpenSSL 1.1.1+, currently the 'ssl' module is compiled with 'LibreSSL 2.8.3'. See: https://github.com/urllib3/urllib3/issues/3020
  warnings.warn(
Daily trailing-stop check — 2026-07-29

4 holding(s) at or below stop loss:
  - NBIS: at or below stop loss (price 135,39, stop 174,08). Exit plan: Hold / reassess. Estimated gain: 1.234,57, estimated tax: 373,09. Analyst consensus (2026-07-01): 6 strong buy, 10 buy, 7 hold, 0 sell, 0 strong sell.
  - AMD: at or below stop loss (price 380,29, stop 427,41). Exit plan: Hold / reassess. Estimated gain: 517,33, estimated tax: 136,45. Analyst consensus (2026-07-01): 15 strong buy, 33 buy, 9 hold, 0 sell, 0 strong sell.
  - MU: at or below stop loss (price 690,17, stop 768,24). Exit plan: Hold / reassess. Estimated gain: 5.834,91, estimated tax: 1.538,96. Analyst consensus (2026-07-01): 18 strong buy, 33 buy, 4 hold, 1 sell, 0 strong sell.
  - WDC: at or below stop loss (price 410,12, stop 435,56). Exit plan: Hold / reassess. Estimated gain: 16.378,37, estimated tax: 4.319,80. Analyst consensus (2026-07-01): 7 strong buy, 16 buy, 6 hold, 0 sell, 0 strong sell.

/Users/axelrad/Documents/projects/trading-tool/venv/lib/python3.9/site-packages/urllib3/__init__.py:35: NotOpenSSLWarning: urllib3 v2 only supports OpenSSL 1.1.1+, currently the 'ssl' module is compiled with 'LibreSSL 2.8.3'. See: https://github.com/urllib3/urllib3/issues/3020
  warnings.warn(
Daily trailing-stop check — 2026-07-30

3 holding(s) at or below stop loss:
  - NBIS: at or below stop loss (price 165,24, stop 174,08). Exit plan: Hold / reassess. Estimated gain: 1.234,57, estimated tax: 373,09. Analyst consensus (2026-07-01): 6 strong buy, 10 buy, 7 hold, 0 sell, 0 strong sell.
  - AMD: at or below stop loss (price 423,70, stop 427,41). Exit plan: Hold / reassess. Estimated gain: 517,33, estimated tax: 136,45. Analyst consensus (2026-07-01): 15 strong buy, 33 buy, 9 hold, 0 sell, 0 strong sell.
  - MU: at or below stop loss (price 735,18, stop 768,24). Exit plan: Hold / reassess. Estimated gain: 5.834,91, estimated tax: 1.538,96. Analyst consensus (2026-07-01): 18 strong buy, 33 buy, 4 hold, 1 sell, 0 strong sell.

/Users/axelrad/Documents/projects/trading-tool/venv/lib/python3.9/site-packages/urllib3/__init__.py:35: NotOpenSSLWarning: urllib3 v2 only supports OpenSSL 1.1.1+, currently the 'ssl' module is compiled with 'LibreSSL 2.8.3'. See: https://github.com/urllib3/urllib3/issues/3020
  warnings.warn(
Daily trailing-stop check — 2026-07-31

2 holding(s) at or below stop loss:
  - NBIS: at or below stop loss (price 168,93, stop 174,08). Exit plan: Hold / reassess. Estimated gain: 1.051,98, estimated tax: 277,46. Analyst consensus (2026-07-01): 6 strong buy, 10 buy, 7 hold, 0 sell, 0 strong sell.
  - MU: at or below stop loss (price 736,99, stop 768,24). Exit plan: Hold / reassess. Estimated gain: 5.834,91, estimated tax: 1.538,96. Analyst consensus (2026-07-01): 18 strong buy, 33 buy, 4 hold, 1 sell, 0 strong sell.

/Users/axelrad/Documents/projects/trading-tool/venv/lib/python3.9/site-packages/urllib3/__init__.py:35: NotOpenSSLWarning: urllib3 v2 only supports OpenSSL 1.1.1+, currently the 'ssl' module is compiled with 'LibreSSL 2.8.3'. See: https://github.com/urllib3/urllib3/issues/3020
  warnings.warn(
Daily trailing-stop check — 2026-08-01

3 holding(s) at or below stop loss:
  - NBIS: at or below stop loss (price 165,79, stop 174,08). Exit plan: Hold / reassess. Estimated gain: 1.051,98, estimated tax: 277,46. Analyst consensus (2026-07-01): 6 strong buy, 10 buy, 7 hold, 0 sell, 0 strong sell.
  - AMD: at or below stop loss (price 414,58, stop 427,41). Exit plan: Hold / reassess. Estimated gain: 517,33, estimated tax: 136,45. Analyst consensus (2026-07-01): 15 strong buy, 33 buy, 9 hold, 0 sell, 0 strong sell.
  - MU: at or below stop loss (price 716,61, stop 768,24). Exit plan: Hold / reassess. Estimated gain: 5.834,91, estimated tax: 1.538,96. Analyst consensus (2026-07-01): 18 strong buy, 33 buy, 4 hold, 1 sell, 0 strong sell.

/Users/axelrad/Documents/projects/trading-tool/venv/lib/python3.9/site-packages/urllib3/__init__.py:35: NotOpenSSLWarning: urllib3 v2 only supports OpenSSL 1.1.1+, currently the 'ssl' module is compiled with 'LibreSSL 2.8.3'. See: https://github.com/urllib3/urllib3/issues/3020
  warnings.warn(
Daily trailing-stop check — 2026-08-02

3 holding(s) at or below stop loss:
  - NBIS: at or below stop loss (price 165,79, stop 174,08). Exit plan: Hold / reassess. Estimated gain: 1.051,98, estimated tax: 277,46. Analyst consensus (2026-07-01): 6 strong buy, 10 buy, 7 hold, 0 sell, 0 strong sell.
  - AMD: at or below stop loss (price 414,58, stop 427,41). Exit plan: Hold / reassess. Estimated gain: 517,33, estimated tax: 136,45. Analyst consensus (2026-07-01): 15 strong buy, 33 buy, 9 hold, 0 sell, 0 strong sell.
  - MU: at or below stop loss (price 716,61, stop 768,24). Exit plan: Hold / reassess. Estimated gain: 5.834,91, estimated tax: 1.538,96. Analyst consensus (2026-07-01): 18 strong buy, 33 buy, 4 hold, 1 sell, 0 strong sell.

/Users/axelrad/Documents/projects/trading-tool/venv/lib/python3.9/site-packages/urllib3/__init__.py:35: NotOpenSSLWarning: urllib3 v2 only supports OpenSSL 1.1.1+, currently the 'ssl' module is compiled with 'LibreSSL 2.8.3'. See: https://github.com/urllib3/urllib3/issues/3020
  warnings.warn(
Daily trailing-stop check — 2026-08-03

2 holding(s) at or below stop loss:
  - AMD: at or below stop loss (price 421,02, stop 427,41). Exit plan: Hold / reassess. Estimated gain: 517,33, estimated tax: 136,45. Analyst consensus (2026-07-01): 15 strong buy, 33 buy, 9 hold, 0 sell, 0 strong sell.
  - MU: at or below stop loss (price 717,38, stop 768,24). Exit plan: Hold / reassess. Estimated gain: 5.834,91, estimated tax: 1.538,96. Analyst consensus (2026-07-01): 18 strong buy, 33 buy, 4 hold, 1 sell, 0 strong sell.

/Users/axelrad/Documents/projects/trading-tool/venv/lib/python3.9/site-packages/urllib3/__init__.py:35: NotOpenSSLWarning: urllib3 v2 only supports OpenSSL 1.1.1+, currently the 'ssl' module is compiled with 'LibreSSL 2.8.3'. See: https://github.com/urllib3/urllib3/issues/3020
  warnings.warn(
Daily trailing-stop check — 2026-08-04

1 holding(s) at or below stop loss:
  - MU: at or below stop loss (price 765,61, stop 768,24). Exit plan: Hold / reassess. Estimated gain: 5.834,91, estimated tax: 1.538,96. Analyst consensus (2026-08-01): 18 strong buy, 33 buy, 4 hold, 1 sell, 0 strong sell.

1 holding(s) hit a new trailing high:
  - PLTR: up 25,8% (109,46 -> 137,69). Current stop 98,51, suggested new stop 123,92.

/Users/axelrad/Documents/projects/trading-tool/venv/lib/python3.9/site-packages/urllib3/__init__.py:35: NotOpenSSLWarning: urllib3 v2 only supports OpenSSL 1.1.1+, currently the 'ssl' module is compiled with 'LibreSSL 2.8.3'. See: https://github.com/urllib3/urllib3/issues/3020
  warnings.warn(
Daily trailing-stop check — 2026-08-05

1 holding(s) at or below stop loss:
  - AMD: at or below stop loss (price 416,13, stop 427,41). Exit plan: Hold / reassess. Estimated gain: 517,33, estimated tax: 136,45. Analyst consensus (2026-08-01): 16 strong buy, 32 buy, 10 hold, 0 sell, 0 strong sell.

/Users/axelrad/Documents/projects/trading-tool/venv/lib/python3.9/site-packages/urllib3/__init__.py:35: NotOpenSSLWarning: urllib3 v2 only supports OpenSSL 1.1.1+, currently the 'ssl' module is compiled with 'LibreSSL 2.8.3'. See: https://github.com/urllib3/urllib3/issues/3020
  warnings.warn(
Daily trailing-stop check — 2026-08-06

2 holding(s) at or below stop loss:
  - AMD: at or below stop loss (price 426,38, stop 427,41). Exit plan: Hold / reassess. Estimated gain: 517,33, estimated tax: 136,45. Analyst consensus (2026-08-01): 16 strong buy, 32 buy, 10 hold, 0 sell, 0 strong sell.
  - WDC: at or below stop loss (price 405,31, stop 435,56). Exit plan: Hold / reassess. Estimated gain: 16.378,37, estimated tax: 4.319,80. Analyst consensus (2026-08-01): 7 strong buy, 18 buy, 5 hold, 0 sell, 0 strong sell.

/Users/axelrad/Documents/projects/trading-tool/venv/lib/python3.9/site-packages/urllib3/__init__.py:35: NotOpenSSLWarning: urllib3 v2 only supports OpenSSL 1.1.1+, currently the 'ssl' module is compiled with 'LibreSSL 2.8.3'. See: https://github.com/urllib3/urllib3/issues/3020
  warnings.warn(
Daily trailing-stop check — 2026-08-07

4 holding(s) at or below stop loss:
  - AMD: at or below stop loss (price 416,38, stop 427,41). Exit plan: Hold / reassess. Estimated gain: 517,33, estimated tax: 136,45. Analyst consensus (2026-08-01): 16 strong buy, 32 buy, 10 hold, 0 sell, 0 strong sell.
  - MU: at or below stop loss (price 744,38, stop 768,24). Exit plan: Hold / reassess. Estimated gain: 5.834,91, estimated tax: 1.538,96. Analyst consensus (2026-08-01): 18 strong buy, 33 buy, 4 hold, 1 sell, 0 strong sell.
  - WDC: at or below stop loss (price 369,74, stop 435,56). Exit plan: Hold / reassess. Estimated gain: 16.378,37, estimated tax: 4.319,80. Analyst consensus (2026-08-01): 7 strong buy, 18 buy, 5 hold, 0 sell, 0 strong sell.
  - DK: at or below stop loss (price 50,96, stop 51,44). Exit plan: Hold / reassess. Estimated loss: -470,01, estimated tax: 0,00. Analyst consensus (2026-08-01): 4 strong buy, 9 buy, 7 hold, 1 sell, 0 strong sell.

/Users/axelrad/Documents/projects/trading-tool/venv/lib/python3.9/site-packages/urllib3/__init__.py:35: NotOpenSSLWarning: urllib3 v2 only supports OpenSSL 1.1.1+, currently the 'ssl' module is compiled with 'LibreSSL 2.8.3'. See: https://github.com/urllib3/urllib3/issues/3020
  warnings.warn(
Daily trailing-stop check — 2026-08-08

4 holding(s) at or below stop loss:
  - AMD: at or below stop loss (price 419,04, stop 427,41). Exit plan: Hold / reassess. Estimated gain: 517,33, estimated tax: 136,45. Analyst consensus (2026-08-01): 16 strong buy, 32 buy, 10 hold, 0 sell, 0 strong sell.
  - MU: at or below stop loss (price 760,79, stop 768,24). Exit plan: Hold / reassess. Estimated gain: 5.834,91, estimated tax: 1.538,96. Analyst consensus (2026-08-01): 18 strong buy, 33 buy, 4 hold, 1 sell, 0 strong sell.
  - WDC: at or below stop loss (price 376,51, stop 435,56). Exit plan: Hold / reassess. Estimated gain: 16.378,37, estimated tax: 4.319,80. Analyst consensus (2026-08-01): 7 strong buy, 18 buy, 5 hold, 0 sell, 0 strong sell.
  - DK: at or below stop loss (price 50,68, stop 51,44). Exit plan: Hold / reassess. Estimated loss: -470,01, estimated tax: 0,00. Analyst consensus (2026-08-01): 4 strong buy, 9 buy, 7 hold, 1 sell, 0 strong sell.

